// Jest Snapshot v1, https://goo.gl/fbAQLP

exports[`Tabs renderTabBar custom-tab-bar 1`] = `
<div
  class="ant-tabs ant-tabs-top"
>
  <div>
    custom-tab-bar
  </div>
  <div
    class="ant-tabs-content-holder"
  >
    <div
      class="ant-tabs-content ant-tabs-content-top"
    >
      <div
        aria-hidden="false"
        class="ant-tabs-tabpane ant-tabs-tabpane-active"
        role="tabpanel"
        tabindex="0"
      >
        foo
      </div>
    </div>
  </div>
</div>
`;

exports[`Tabs rtl render component should be rendered correctly in RTL direction 1`] = `
<div
  class="ant-tabs ant-tabs-top ant-tabs-rtl"
>
  <div
    class="ant-tabs-nav"
    role="tablist"
  >
    <div
      class="ant-tabs-nav-wrap"
    >
      <div
        class="ant-tabs-nav-list"
        style="transform:translate(0px, 0px)"
      >
        <div
          class="ant-tabs-tab ant-tabs-tab-active"
        >
          <div
            aria-selected="true"
            class="ant-tabs-tab-btn"
            role="tab"
            tabindex="0"
          >
            xx
          </div>
        </div>
        <div
          class="ant-tabs-ink-bar ant-tabs-ink-bar-animated"
        />
      </div>
    </div>
    <div
      class="ant-tabs-nav-operations ant-tabs-nav-operations-hidden"
    >
      <button
        aria-controls="null-more-popup"
        aria-expanded="false"
        aria-haspopup="listbox"
        aria-hidden="true"
        class="ant-tabs-nav-more"
        id="null-more"
        style="visibility:hidden;order:1"
        tabindex="-1"
        type="button"
      >
        <span
          aria-label="ellipsis"
          class="anticon anticon-ellipsis"
          role="img"
        >
          <svg
            aria-hidden="true"
            class=""
            data-icon="ellipsis"
            fill="currentColor"
            focusable="false"
            height="1em"
            viewBox="64 64 896 896"
            width="1em"
          >
            <path
              d="M176 511a56 56 0 10112 0 56 56 0 10-112 0zm280 0a56 56 0 10112 0 56 56 0 10-112 0zm280 0a56 56 0 10112 0 56 56 0 10-112 0z"
            />
          </svg>
        </span>
      </button>
    </div>
  </div>
  <div
    class="ant-tabs-content-holder"
  >
    <div
      class="ant-tabs-content ant-tabs-content-top"
    >
      <div
        aria-hidden="false"
        class="ant-tabs-tabpane ant-tabs-tabpane-active"
        role="tabpanel"
        tabindex="0"
      />
    </div>
  </div>
</div>
`;

exports[`Tabs tabPosition remove card 1`] = `
<div
  class="ant-tabs ant-tabs-left"
>
  <div
    class="ant-tabs-nav"
    role="tablist"
  >
    <div
      class="ant-tabs-nav-wrap"
    >
      <div
        class="ant-tabs-nav-list"
        style="transform:translate(0px, 0px)"
      >
        <div
          class="ant-tabs-tab ant-tabs-tab-active"
        >
          <div
            aria-selected="true"
            class="ant-tabs-tab-btn"
            role="tab"
            tabindex="0"
          >
            foo
          </div>
        </div>
        <div
          class="ant-tabs-ink-bar ant-tabs-ink-bar-animated"
        />
      </div>
    </div>
    <div
      class="ant-tabs-nav-operations ant-tabs-nav-operations-hidden"
    >
      <button
        aria-controls="null-more-popup"
        aria-expanded="false"
        aria-haspopup="listbox"
        aria-hidden="true"
        class="ant-tabs-nav-more"
        id="null-more"
        style="visibility:hidden;order:1"
        tabindex="-1"
        type="button"
      >
        <span
          aria-label="ellipsis"
          class="anticon anticon-ellipsis"
          role="img"
        >
          <svg
            aria-hidden="true"
            class=""
            data-icon="ellipsis"
            fill="currentColor"
            focusable="false"
            height="1em"
            viewBox="64 64 896 896"
            width="1em"
          >
            <path
              d="M176 511a56 56 0 10112 0 56 56 0 10-112 0zm280 0a56 56 0 10112 0 56 56 0 10-112 0zm280 0a56 56 0 10112 0 56 56 0 10-112 0z"
            />
          </svg>
        </span>
      </button>
    </div>
    <div
      class="ant-tabs-extra-content"
    >
      xxx
    </div>
  </div>
  <div
    class="ant-tabs-content-holder"
  >
    <div
      class="ant-tabs-content ant-tabs-content-left"
    >
      <div
        aria-hidden="false"
        class="ant-tabs-tabpane ant-tabs-tabpane-active"
        role="tabpanel"
        tabindex="0"
      >
        foo
      </div>
    </div>
  </div>
</div>
`;
