// Jest Snapshot v1, https://goo.gl/fbAQLP

exports[`Collapse rtl render component should be rendered correctly in RTL direction 1`] = `
<div
  class="ant-collapse ant-collapse-icon-position-right ant-collapse-rtl"
/>
`;
