// Jest Snapshot v1, https://goo.gl/fbAQLP

exports[`Popover handles empty title/content props safely 1`] = `"<div class=\\"ant-popover-content\\"><div class=\\"ant-popover-arrow\\"><span class=\\"ant-popover-arrow-content\\"></span></div><div class=\\"ant-popover-inner\\" role=\\"tooltip\\"><div class=\\"ant-popover-inner-content\\"></div></div></div>"`;

exports[`Popover should be rendered correctly in RTL direction 1`] = `
Array [
  <span
    class="ant-popover-open"
  >
    show me your Rtl demo
  </span>,
  <div>
    <div
      class="ant-popover ant-popover-rtl"
      style="opacity:0;pointer-events:none"
    >
      <div
        class="ant-popover-content"
      >
        <div
          class="ant-popover-arrow"
        >
          <span
            class="ant-popover-arrow-content"
          />
        </div>
        <div
          class="ant-popover-inner"
          role="tooltip"
        >
          <div
            class="ant-popover-title"
          >
            RTL
          </div>
          <div
            class="ant-popover-inner-content"
          />
        </div>
      </div>
    </div>
  </div>,
]
`;

exports[`Popover shows content for render functions 1`] = `"<div class=\\"ant-popover-content\\"><div class=\\"ant-popover-arrow\\"><span class=\\"ant-popover-arrow-content\\"></span></div><div class=\\"ant-popover-inner\\" role=\\"tooltip\\"><div class=\\"ant-popover-title\\">some-title</div><div class=\\"ant-popover-inner-content\\">some-content</div></div></div>"`;
